// Jest Snapshot v1, https://goo.gl/fbAQLP

exports[`Header should render correctly once more 1`] = `
<DocumentFragment>
  <footer
    class="page-padding"
  >
    <div>
      Â©artifact.com 2019
    </div>
  </footer>
</DocumentFragment>
`;
